2026-07-15 20:40:16,755 [INFO] Dossier surveillé : C:\Users\USER\Desktop\Full\watcher\watch_folder
2026-07-15 20:40:16,755 [INFO] API URL de destination : http://127.0.0.1:5000
2026-07-15 20:40:16,756 [INFO] Planificateur configuré pour tourner toutes les minutes.
2026-07-15 20:40:16,757 [INFO] Observateur de fichiers démarré sur : C:\Users\USER\Desktop\Full\watcher\watch_folder
2026-07-15 20:40:16,757 [INFO] Vérification planifiée des flux attendus...
2026-07-15 20:41:16,780 [INFO] Vérification planifiée des flux attendus...
2026-07-15 20:42:16,828 [INFO] Vérification planifiée des flux attendus...
2026-07-15 20:43:16,848 [INFO] Vérification planifiée des flux attendus...
2026-07-15 20:44:16,869 [INFO] Vérification planifiée des flux attendus...
2026-07-15 20:45:16,892 [INFO] Vérification planifiée des flux attendus...
2026-07-15 20:45:23,862 [INFO] Arrêt de l'observateur...
2026-07-15 20:46:18,873 [INFO] Dossier surveillé : C:\Users\USER\Desktop\Full\watcher\watch_folder
2026-07-15 20:46:18,873 [INFO] API URL de destination : http://127.0.0.1:5000
2026-07-15 20:46:18,873 [INFO] Planificateur configuré pour tourner toutes les minutes.
2026-07-15 20:46:18,875 [INFO] Observateur de fichiers démarré sur : C:\Users\USER\Desktop\Full\watcher\watch_folder
2026-07-15 20:46:18,875 [INFO] Vérification planifiée des flux attendus...
2026-07-15 20:47:18,896 [INFO] Vérification planifiée des flux attendus...
2026-07-15 20:48:18,942 [INFO] Vérification planifiée des flux attendus...
2026-07-15 20:49:18,967 [INFO] Vérification planifiée des flux attendus...
2026-07-15 20:50:18,990 [INFO] Vérification planifiée des flux attendus...
2026-07-15 20:50:26,565 [INFO] Arrêt de l'observateur...
2026-07-15 20:52:04,856 [INFO] Dossier surveillé : C:\Users\USER\Desktop\Full\watcher\watch_folder
2026-07-15 20:52:04,857 [INFO] API URL de destination : http://127.0.0.1:5000
2026-07-15 20:52:04,857 [INFO] Planificateur configuré pour tourner toutes les minutes.
2026-07-15 20:52:04,858 [INFO] Observateur de fichiers démarré sur : C:\Users\USER\Desktop\Full\watcher\watch_folder
2026-07-15 20:52:04,859 [INFO] Vérification planifiée des flux attendus...
2026-07-15 20:53:04,885 [INFO] Vérification planifiée des flux attendus...
2026-07-15 20:54:04,937 [INFO] Vérification planifiée des flux attendus...
2026-07-15 20:55:04,962 [INFO] Vérification planifiée des flux attendus...
2026-07-15 20:56:04,989 [INFO] Vérification planifiée des flux attendus...
2026-07-15 20:57:05,016 [INFO] Vérification planifiée des flux attendus...
2026-07-15 20:58:05,043 [INFO] Vérification planifiée des flux attendus...
2026-07-15 20:59:05,072 [INFO] Vérification planifiée des flux attendus...
2026-07-15 21:00:05,100 [INFO] Vérification planifiée des flux attendus...
2026-07-15 21:00:34,443 [INFO] Couple complet détecté dans le sous-dossier : DOHA
2026-07-15 21:00:34,445 [INFO] Connexion technique avec le compte : watcher_agent
2026-07-15 21:00:36,485 [ERROR] ❌ Erreur de communication réseau lors du déclenchement : HTTPConnectionPool(host='127.0.0.1', port=5000): Max retries exceeded with url: /api/login (Caused by NewConnectionError("HTTPConnection(host='127.0.0.1', port=5000): Failed to establish a new connection: [WinError 10061] Aucune connexion n’a pu être établie car l’ordinateur cible l’a expressément refusée"))
2026-07-15 21:01:05,132 [INFO] Vérification planifiée des flux attendus...
2026-07-15 21:02:05,158 [INFO] Vérification planifiée des flux attendus...
2026-07-15 21:03:05,187 [INFO] Vérification planifiée des flux attendus...
2026-07-15 21:04:05,214 [INFO] Vérification planifiée des flux attendus...
2026-07-15 21:05:05,239 [INFO] Vérification planifiée des flux attendus...
2026-07-15 21:06:05,269 [INFO] Vérification planifiée des flux attendus...
2026-07-15 21:07:05,296 [INFO] Vérification planifiée des flux attendus...
2026-07-15 21:08:05,323 [INFO] Vérification planifiée des flux attendus...
2026-07-15 21:09:05,348 [INFO] Vérification planifiée des flux attendus...
2026-07-15 21:10:05,376 [INFO] Vérification planifiée des flux attendus...
2026-07-15 21:11:05,404 [INFO] Vérification planifiée des flux attendus...
2026-07-15 21:12:05,430 [INFO] Vérification planifiée des flux attendus...
2026-07-15 21:13:05,458 [INFO] Vérification planifiée des flux attendus...
2026-07-15 21:14:05,483 [INFO] Vérification planifiée des flux attendus...
2026-07-15 21:15:05,509 [INFO] Vérification planifiée des flux attendus...
2026-07-15 21:16:05,538 [INFO] Vérification planifiée des flux attendus...
2026-07-15 21:17:05,566 [INFO] Vérification planifiée des flux attendus...
2026-07-15 21:18:05,592 [INFO] Vérification planifiée des flux attendus...
2026-07-15 21:19:05,619 [INFO] Vérification planifiée des flux attendus...
2026-07-15 21:20:05,645 [INFO] Vérification planifiée des flux attendus...
2026-07-15 21:21:05,669 [INFO] Vérification planifiée des flux attendus...
2026-07-15 21:22:05,695 [INFO] Vérification planifiée des flux attendus...
2026-07-15 21:23:05,722 [INFO] Vérification planifiée des flux attendus...
2026-07-15 21:23:47,019 [INFO] Arrêt de l'observateur...
2026-07-15 21:24:28,149 [INFO] Dossier surveillé : C:\Users\USER\Desktop\Full\watcher\watch_folder
2026-07-15 21:24:28,149 [INFO] API URL de destination : http://127.0.0.1:8000
2026-07-15 21:24:28,150 [INFO] Planificateur configuré pour tourner toutes les minutes.
2026-07-15 21:24:28,151 [INFO] Observateur de fichiers démarré sur : C:\Users\USER\Desktop\Full\watcher\watch_folder
2026-07-15 21:24:28,151 [INFO] Vérification planifiée des flux attendus...
2026-07-15 21:25:24,052 [INFO] Couple complet détecté dans le sous-dossier : DOHA
2026-07-15 21:25:24,055 [INFO] Connexion technique avec le compte : watcher_agent
2026-07-15 21:25:24,234 [INFO] Envoi des fichiers à l'API pour comparaison automatique (flux: DOHA)...
2026-07-15 21:25:26,701 [INFO] ✅ Comparaison lancée avec succès pour DOHA. Job ID: c1642541-9919-4429-a8a8-abcede3f6e3a
2026-07-15 21:25:28,177 [INFO] Vérification planifiée des flux attendus...
2026-07-15 21:25:40,844 [INFO] Couple complet détecté dans le sous-dossier : DOHA
2026-07-15 21:25:40,846 [INFO] Connexion technique avec le compte : watcher_agent
2026-07-15 21:25:41,005 [INFO] Envoi des fichiers à l'API pour comparaison automatique (flux: DOHA)...
2026-07-15 21:25:42,729 [INFO] ✅ Comparaison lancée avec succès pour DOHA. Job ID: 4878076c-edbe-4483-956a-66212b0c2272
2026-07-15 21:26:28,204 [INFO] Vérification planifiée des flux attendus...
2026-07-15 21:27:28,231 [INFO] Vérification planifiée des flux attendus...
2026-07-15 21:28:28,261 [INFO] Vérification planifiée des flux attendus...
2026-07-15 21:29:28,288 [INFO] Vérification planifiée des flux attendus...
2026-07-15 21:30:28,317 [INFO] Vérification planifiée des flux attendus...
2026-07-15 21:31:28,346 [INFO] Vérification planifiée des flux attendus...
2026-07-15 21:32:28,376 [INFO] Vérification planifiée des flux attendus...
2026-07-15 21:33:28,405 [INFO] Vérification planifiée des flux attendus...
2026-07-15 21:34:28,434 [INFO] Vérification planifiée des flux attendus...
2026-07-15 21:35:28,465 [INFO] Vérification planifiée des flux attendus...
2026-07-15 21:36:28,494 [INFO] Vérification planifiée des flux attendus...
2026-07-15 21:37:28,521 [INFO] Vérification planifiée des flux attendus...
2026-07-15 21:38:28,546 [INFO] Vérification planifiée des flux attendus...
2026-07-15 21:39:28,575 [INFO] Vérification planifiée des flux attendus...
2026-07-15 21:40:28,606 [INFO] Vérification planifiée des flux attendus...
2026-07-15 21:41:28,638 [INFO] Vérification planifiée des flux attendus...
2026-07-15 21:42:28,670 [INFO] Vérification planifiée des flux attendus...
2026-07-15 21:43:28,698 [INFO] Vérification planifiée des flux attendus...
2026-07-15 21:44:28,727 [INFO] Vérification planifiée des flux attendus...
2026-07-15 21:45:28,754 [INFO] Vérification planifiée des flux attendus...
2026-07-15 21:46:28,780 [INFO] Vérification planifiée des flux attendus...
2026-07-15 21:47:28,807 [INFO] Vérification planifiée des flux attendus...
2026-07-15 21:48:28,831 [INFO] Vérification planifiée des flux attendus...
2026-07-15 21:49:28,853 [INFO] Vérification planifiée des flux attendus...
2026-07-15 21:49:58,271 [INFO] Arrêt de l'observateur...
2026-07-15 22:05:26,576 [INFO] Dossier surveillé : C:\Users\USER\Desktop\Full\watcher\watch_folder
2026-07-15 22:05:26,577 [INFO] API URL de destination : http://127.0.0.1:8000
2026-07-15 22:05:26,577 [INFO] Planificateur configuré pour tourner toutes les minutes.
2026-07-15 22:05:26,579 [INFO] Observateur de fichiers démarré sur : C:\Users\USER\Desktop\Full\watcher\watch_folder
2026-07-15 22:05:26,579 [INFO] Vérification planifiée des flux attendus...
2026-07-15 22:06:26,602 [INFO] Vérification planifiée des flux attendus...
2026-07-15 22:07:26,650 [INFO] Vérification planifiée des flux attendus...
2026-07-15 22:07:54,587 [INFO] Couple complet détecté dans le sous-dossier : SALES
2026-07-15 22:07:54,589 [INFO] Connexion technique avec le compte : watcher_agent
2026-07-15 22:07:54,763 [INFO] Envoi des fichiers à l'API pour comparaison automatique (flux: SALES)...
2026-07-15 22:07:56,644 [INFO] ✅ Comparaison lancée avec succès pour SALES. Job ID: 746570b6-40c7-4941-8e45-f67ed28b417e
2026-07-15 22:08:26,673 [INFO] Vérification planifiée des flux attendus...
2026-07-15 22:09:26,693 [INFO] Vérification planifiée des flux attendus...
2026-07-15 22:10:26,714 [INFO] Vérification planifiée des flux attendus...
2026-07-15 22:11:26,736 [INFO] Vérification planifiée des flux attendus...
2026-07-15 22:12:26,756 [INFO] Vérification planifiée des flux attendus...
2026-07-15 22:13:26,779 [INFO] Vérification planifiée des flux attendus...
2026-07-15 22:14:26,801 [INFO] Vérification planifiée des flux attendus...
2026-07-15 22:15:26,824 [INFO] Vérification planifiée des flux attendus...
2026-07-15 22:16:26,847 [INFO] Vérification planifiée des flux attendus...
2026-07-15 22:17:26,869 [INFO] Vérification planifiée des flux attendus...
2026-07-15 22:18:26,891 [INFO] Vérification planifiée des flux attendus...
2026-07-15 22:19:26,916 [INFO] Vérification planifiée des flux attendus...
2026-07-15 22:20:26,937 [INFO] Vérification planifiée des flux attendus...
2026-07-15 22:21:26,960 [INFO] Vérification planifiée des flux attendus...
2026-07-15 22:22:26,982 [INFO] Vérification planifiée des flux attendus...
2026-07-15 22:23:27,005 [INFO] Vérification planifiée des flux attendus...
2026-07-15 22:24:27,028 [INFO] Vérification planifiée des flux attendus...
2026-07-15 22:25:27,048 [INFO] Vérification planifiée des flux attendus...
2026-07-15 22:26:27,070 [INFO] Vérification planifiée des flux attendus...
2026-07-15 22:27:27,091 [INFO] Vérification planifiée des flux attendus...
2026-07-15 22:28:27,113 [INFO] Vérification planifiée des flux attendus...
2026-07-15 22:29:27,134 [INFO] Vérification planifiée des flux attendus...
2026-07-15 22:30:27,159 [INFO] Vérification planifiée des flux attendus...
2026-07-15 22:31:27,184 [INFO] Vérification planifiée des flux attendus...
2026-07-15 22:32:27,211 [INFO] Vérification planifiée des flux attendus...
2026-07-15 22:41:37,375 [INFO] Vérification planifiée des flux attendus...
2026-07-15 22:42:37,405 [INFO] Vérification planifiée des flux attendus...
2026-07-15 22:43:37,433 [INFO] Vérification planifiée des flux attendus...
2026-07-15 22:44:37,458 [INFO] Vérification planifiée des flux attendus...
2026-07-15 22:45:37,486 [INFO] Vérification planifiée des flux attendus...
2026-07-15 22:46:37,515 [INFO] Vérification planifiée des flux attendus...
2026-07-15 22:47:37,542 [INFO] Vérification planifiée des flux attendus...
2026-07-15 22:50:25,963 [INFO] Vérification planifiée des flux attendus...
2026-07-15 22:51:25,993 [INFO] Vérification planifiée des flux attendus...
2026-07-15 22:52:26,015 [INFO] Vérification planifiée des flux attendus...
2026-07-15 22:53:26,040 [INFO] Vérification planifiée des flux attendus...
2026-07-15 22:54:26,061 [INFO] Vérification planifiée des flux attendus...
2026-07-15 22:55:26,084 [INFO] Vérification planifiée des flux attendus...
2026-07-15 22:56:26,106 [INFO] Vérification planifiée des flux attendus...
2026-07-15 22:57:26,129 [INFO] Vérification planifiée des flux attendus...
2026-07-15 22:58:26,153 [INFO] Vérification planifiée des flux attendus...
2026-07-15 22:59:26,177 [INFO] Vérification planifiée des flux attendus...
2026-07-15 23:00:26,201 [INFO] Vérification planifiée des flux attendus...
2026-07-15 23:01:26,225 [INFO] Vérification planifiée des flux attendus...
2026-07-15 23:02:26,249 [INFO] Vérification planifiée des flux attendus...
2026-07-15 23:03:26,276 [INFO] Vérification planifiée des flux attendus...
2026-07-15 23:04:26,300 [INFO] Vérification planifiée des flux attendus...
2026-07-15 23:05:26,326 [INFO] Vérification planifiée des flux attendus...
2026-07-15 23:06:26,347 [INFO] Vérification planifiée des flux attendus...
2026-07-15 23:07:26,368 [INFO] Vérification planifiée des flux attendus...
2026-07-15 23:22:58,085 [INFO] Vérification planifiée des flux attendus...
2026-07-15 23:23:58,132 [INFO] Vérification planifiée des flux attendus...
2026-07-15 23:24:58,166 [INFO] Vérification planifiée des flux attendus...
2026-07-15 23:25:58,202 [INFO] Vérification planifiée des flux attendus...
2026-07-15 23:32:59,355 [INFO] Vérification planifiée des flux attendus...
2026-07-15 23:33:59,417 [INFO] Vérification planifiée des flux attendus...
2026-07-15 23:34:59,481 [INFO] Vérification planifiée des flux attendus...
2026-07-15 23:35:59,511 [INFO] Vérification planifiée des flux attendus...
2026-07-15 23:36:59,549 [INFO] Vérification planifiée des flux attendus...
2026-07-15 23:37:59,588 [INFO] Vérification planifiée des flux attendus...
2026-07-15 23:39:08,986 [INFO] Vérification planifiée des flux attendus...
2026-07-16 00:35:45,543 [INFO] Vérification planifiée des flux attendus...
2026-07-16 00:36:45,577 [INFO] Vérification planifiée des flux attendus...
2026-07-16 00:37:45,609 [INFO] Vérification planifiée des flux attendus...
2026-07-16 00:38:45,637 [INFO] Vérification planifiée des flux attendus...
2026-07-16 00:39:45,662 [INFO] Vérification planifiée des flux attendus...
2026-07-16 00:40:45,712 [INFO] Vérification planifiée des flux attendus...
2026-07-16 00:41:45,746 [INFO] Vérification planifiée des flux attendus...
2026-07-16 00:42:45,779 [INFO] Vérification planifiée des flux attendus...
2026-07-16 00:48:42,628 [INFO] Vérification planifiée des flux attendus...
2026-07-16 01:55:55,315 [INFO] Vérification planifiée des flux attendus...
2026-07-16 01:56:55,355 [INFO] Vérification planifiée des flux attendus...
2026-07-16 01:57:55,390 [INFO] Vérification planifiée des flux attendus...
2026-07-16 01:58:55,416 [INFO] Vérification planifiée des flux attendus...
2026-07-16 01:59:55,445 [INFO] Vérification planifiée des flux attendus...
2026-07-16 02:00:55,471 [INFO] Vérification planifiée des flux attendus...
2026-07-16 02:01:55,544 [INFO] Vérification planifiée des flux attendus...
2026-07-16 02:02:55,569 [INFO] Vérification planifiée des flux attendus...
2026-07-16 02:03:55,596 [INFO] Vérification planifiée des flux attendus...
2026-07-16 02:04:55,625 [INFO] Vérification planifiée des flux attendus...
2026-07-16 02:05:55,650 [INFO] Vérification planifiée des flux attendus...
2026-07-16 02:06:55,682 [INFO] Vérification planifiée des flux attendus...
2026-07-16 02:07:55,707 [INFO] Vérification planifiée des flux attendus...
2026-07-16 02:08:55,735 [INFO] Vérification planifiée des flux attendus...
2026-07-16 02:09:55,764 [INFO] Vérification planifiée des flux attendus...
2026-07-16 02:10:55,824 [INFO] Vérification planifiée des flux attendus...
2026-07-16 02:11:55,853 [INFO] Vérification planifiée des flux attendus...
2026-07-16 02:12:55,878 [INFO] Vérification planifiée des flux attendus...
2026-07-16 02:13:55,904 [INFO] Vérification planifiée des flux attendus...
2026-07-16 02:14:55,930 [INFO] Vérification planifiée des flux attendus...
2026-07-16 02:15:55,950 [INFO] Vérification planifiée des flux attendus...
2026-07-16 02:16:55,981 [INFO] Vérification planifiée des flux attendus...
2026-07-16 02:17:56,000 [INFO] Vérification planifiée des flux attendus...
2026-07-16 02:18:56,032 [INFO] Vérification planifiée des flux attendus...
2026-07-16 02:19:56,053 [INFO] Vérification planifiée des flux attendus...
2026-07-16 02:20:56,093 [INFO] Vérification planifiée des flux attendus...
2026-07-16 02:21:56,115 [INFO] Vérification planifiée des flux attendus...
2026-07-16 02:22:56,173 [INFO] Vérification planifiée des flux attendus...
2026-07-16 02:23:56,196 [INFO] Vérification planifiée des flux attendus...
2026-07-16 02:24:56,217 [INFO] Vérification planifiée des flux attendus...
2026-07-16 02:25:56,240 [INFO] Vérification planifiée des flux attendus...
2026-07-16 02:26:56,307 [INFO] Vérification planifiée des flux attendus...
2026-07-16 02:27:56,325 [INFO] Vérification planifiée des flux attendus...
2026-07-16 02:28:56,367 [INFO] Vérification planifiée des flux attendus...
2026-07-16 02:29:56,437 [INFO] Vérification planifiée des flux attendus...
2026-07-16 02:30:56,459 [INFO] Vérification planifiée des flux attendus...
2026-07-16 02:31:56,478 [INFO] Vérification planifiée des flux attendus...
2026-07-16 02:32:56,502 [INFO] Vérification planifiée des flux attendus...
2026-07-16 02:33:56,525 [INFO] Vérification planifiée des flux attendus...
2026-07-16 02:34:56,547 [INFO] Vérification planifiée des flux attendus...
2026-07-16 02:35:56,642 [INFO] Vérification planifiée des flux attendus...
2026-07-16 02:36:56,663 [INFO] Vérification planifiée des flux attendus...
2026-07-16 02:37:56,685 [INFO] Vérification planifiée des flux attendus...
2026-07-16 02:38:56,704 [INFO] Vérification planifiée des flux attendus...
2026-07-16 02:39:56,726 [INFO] Vérification planifiée des flux attendus...
2026-07-16 02:40:56,745 [INFO] Vérification planifiée des flux attendus...
2026-07-16 02:41:56,773 [INFO] Vérification planifiée des flux attendus...
2026-07-16 02:42:56,795 [INFO] Vérification planifiée des flux attendus...
2026-07-16 02:43:56,816 [INFO] Vérification planifiée des flux attendus...
2026-07-16 02:44:56,902 [INFO] Vérification planifiée des flux attendus...
2026-07-16 02:45:56,925 [INFO] Vérification planifiée des flux attendus...
2026-07-16 02:46:56,950 [INFO] Vérification planifiée des flux attendus...
2026-07-16 02:47:56,974 [INFO] Vérification planifiée des flux attendus...
2026-07-16 02:48:56,997 [INFO] Vérification planifiée des flux attendus...
2026-07-16 02:49:57,041 [INFO] Vérification planifiée des flux attendus...
2026-07-16 02:50:57,079 [INFO] Vérification planifiée des flux attendus...
2026-07-16 02:51:57,103 [INFO] Vérification planifiée des flux attendus...
2026-07-16 02:52:57,138 [INFO] Vérification planifiée des flux attendus...
2026-07-16 02:53:57,163 [INFO] Vérification planifiée des flux attendus...
2026-07-16 02:54:57,189 [INFO] Vérification planifiée des flux attendus...
2026-07-16 02:55:57,208 [INFO] Vérification planifiée des flux attendus...
2026-07-16 02:56:57,226 [INFO] Vérification planifiée des flux attendus...
2026-07-16 02:57:57,245 [INFO] Vérification planifiée des flux attendus...
2026-07-16 02:58:57,267 [INFO] Vérification planifiée des flux attendus...
2026-07-16 02:59:57,286 [INFO] Vérification planifiée des flux attendus...
2026-07-16 03:00:57,307 [INFO] Vérification planifiée des flux attendus...
2026-07-16 03:01:57,329 [INFO] Vérification planifiée des flux attendus...
2026-07-16 03:02:57,349 [INFO] Vérification planifiée des flux attendus...
2026-07-16 03:03:57,368 [INFO] Vérification planifiée des flux attendus...
2026-07-16 03:04:57,390 [INFO] Vérification planifiée des flux attendus...
2026-07-16 03:05:57,410 [INFO] Vérification planifiée des flux attendus...
2026-07-16 03:06:57,430 [INFO] Vérification planifiée des flux attendus...
2026-07-16 03:07:57,450 [INFO] Vérification planifiée des flux attendus...
2026-07-16 03:08:57,473 [INFO] Vérification planifiée des flux attendus...
2026-07-16 03:09:57,496 [INFO] Vérification planifiée des flux attendus...
2026-07-16 03:10:57,518 [INFO] Vérification planifiée des flux attendus...
2026-07-16 03:11:57,540 [INFO] Vérification planifiée des flux attendus...
2026-07-16 03:12:57,562 [INFO] Vérification planifiée des flux attendus...
2026-07-16 03:13:57,584 [INFO] Vérification planifiée des flux attendus...
2026-07-16 03:14:57,605 [INFO] Vérification planifiée des flux attendus...
2026-07-16 03:15:57,628 [INFO] Vérification planifiée des flux attendus...
2026-07-16 03:16:57,650 [INFO] Vérification planifiée des flux attendus...
2026-07-16 03:17:57,672 [INFO] Vérification planifiée des flux attendus...
2026-07-16 03:18:57,695 [INFO] Vérification planifiée des flux attendus...
2026-07-16 03:19:57,715 [INFO] Vérification planifiée des flux attendus...
2026-07-16 03:20:57,735 [INFO] Vérification planifiée des flux attendus...
2026-07-16 03:21:57,757 [INFO] Vérification planifiée des flux attendus...
2026-07-16 03:22:57,779 [INFO] Vérification planifiée des flux attendus...
2026-07-16 03:23:57,802 [INFO] Vérification planifiée des flux attendus...
2026-07-16 03:24:57,825 [INFO] Vérification planifiée des flux attendus...
2026-07-16 03:25:57,851 [INFO] Vérification planifiée des flux attendus...
2026-07-16 03:26:57,872 [INFO] Vérification planifiée des flux attendus...
2026-07-16 03:27:57,894 [INFO] Vérification planifiée des flux attendus...
2026-07-16 03:28:57,916 [INFO] Vérification planifiée des flux attendus...
2026-07-16 03:29:57,938 [INFO] Vérification planifiée des flux attendus...
2026-07-16 03:30:57,959 [INFO] Vérification planifiée des flux attendus...
2026-07-16 03:31:57,980 [INFO] Vérification planifiée des flux attendus...
2026-07-16 03:32:58,001 [INFO] Vérification planifiée des flux attendus...
